[WebServer] (node:51849) Warning: The 'NO_COLOR' env is ignored due to the 'FORCE_COLOR' env being set.
[WebServer] (Use `node --trace-warnings ...` to show where the warning was created)

Running 32 tests using 2 workers

(node:51866) Warning: The 'NO_COLOR' env is ignored due to the 'FORCE_COLOR' env being set.
(Use `node --trace-warnings ...` to show where the warning was created)
(node:51865) Warning: The 'NO_COLOR' env is ignored due to the 'FORCE_COLOR' env being set.
(Use `node --trace-warnings ...` to show where the warning was created)
  ✓   1 [desktop] › tests/ion-equations.browser.spec.ts:202:5 › new cold and seven-day written forms seal references, retain old history, reject malformed recording and keep helped equivalents non-fresh (34.5s)
(node:52593) Warning: The 'NO_COLOR' env is ignored due to the 'FORCE_COLOR' env being set.
(Use `node --trace-warnings ...` to show where the warning was created)
  ✓   2 [desktop] › tests/ion-equations.browser.spec.ts:104:5 › complete writing at fonts-ready320/390/1280 retains malformed drafts, recordable wrong chemistry and recovery (44.2s)
(node:52821) Warning: The 'NO_COLOR' env is ignored due to the 'FORCE_COLOR' env being set.
(Use `node --trace-warnings ...` to show where the warning was created)
  ✓   3 [desktop] › tests/ion-tests.browser.spec.ts:87:7 › flame: original science, wrong proposal, undo, scoped clear and reload (9.7s)
  ✓   5 [desktop] › tests/ion-tests.browser.spec.ts:87:7 › hydroxide: original science, wrong proposal, undo, scoped clear and reload (11.0s)
  ✓   4 [desktop] › tests/ion-tests.browser.spec.ts:87:7 › anion: original science, wrong proposal, undo, scoped clear and reload (14.0s)
  ✓   6 [desktop] › tests/ion-tests.browser.spec.ts:87:7 › fault: original science, wrong proposal, undo, scoped clear and reload (11.8s)
  ✓   7 [desktop] › tests/ion-tests.browser.spec.ts:87:7 › equation: original science, wrong proposal, undo, scoped clear and reload (12.1s)
  ✓   9 [desktop] › tests/ion-tests.browser.spec.ts:143:5 › first ion control is usable on a short screen and long selected values stay readable at 320px (5.3s)
  ✓   8 [desktop] › tests/ion-tests.browser.spec.ts:87:7 › compound: original science, wrong proposal, undo, scoped clear and reload (12.1s)
  ✓  10 [desktop] › tests/ion-tests.browser.spec.ts:159:5 › all 35 practice responses use real answers, coefficient construction and honest written review (16.6s)
  ✓  12 [desktop] › tests/ion-tests.browser.spec.ts:285:5 › reading both original hydroxide stages leaves the chemical proposal unchanged (5.4s)
  ✓  11 [desktop] › tests/ion-tests.browser.spec.ts:190:5 › two reserved ten-question forms and delayed five-question forms keep marking sealed and criteria explicit (20.5s)
  ✓  13 [desktop] › tests/ion-tests.browser.spec.ts:320:5 › a wrong equation shows actual zero and charge imbalance, then the smallest positive ratio (5.7s)
  ✓  15 [desktop] › tests/ion-tests.browser.spec.ts:455:5 › unavailable WebGL retains readable portions and wrong scientific choices (5.5s)
  ✓  14 [desktop] › tests/ion-tests.browser.spec.ts:344:5 › real 3D portions export current wrong reagents, preserve camera-independent work and retain fresh separation (9.1s)
(node:53688) Warning: The 'NO_COLOR' env is ignored due to the 'FORCE_COLOR' env being set.
(Use `node --trace-warnings ...` to show where the warning was created)
  ✓  16 [desktop] › tests/ion-tests.browser.spec.ts:486:5 › wrong practice response offers its specific recovery and returns to the retained task (5.5s)
(node:53838) Warning: The 'NO_COLOR' env is ignored due to the 'FORCE_COLOR' env being set.
(Use `node --trace-warnings ...` to show where the warning was created)
  ✓  18 [mobile] › tests/ion-equations.browser.spec.ts:202:5 › new cold and seven-day written forms seal references, retain old history, reject malformed recording and keep helped equivalents non-fresh (33.9s)
(node:54280) Warning: The 'NO_COLOR' env is ignored due to the 'FORCE_COLOR' env being set.
(Use `node --trace-warnings ...` to show where the warning was created)
  ✓  17 [mobile] › tests/ion-equations.browser.spec.ts:104:5 › complete writing at fonts-ready320/390/1280 retains malformed drafts, recordable wrong chemistry and recovery (43.3s)
(node:54459) Warning: The 'NO_COLOR' env is ignored due to the 'FORCE_COLOR' env being set.
(Use `node --trace-warnings ...` to show where the warning was created)
  ✓  19 [mobile] › tests/ion-tests.browser.spec.ts:87:7 › flame: original science, wrong proposal, undo, scoped clear and reload (9.5s)
  ✓  20 [mobile] › tests/ion-tests.browser.spec.ts:87:7 › hydroxide: original science, wrong proposal, undo, scoped clear and reload (10.1s)
  ✓  21 [mobile] › tests/ion-tests.browser.spec.ts:87:7 › anion: original science, wrong proposal, undo, scoped clear and reload (12.2s)
  ✓  22 [mobile] › tests/ion-tests.browser.spec.ts:87:7 › fault: original science, wrong proposal, undo, scoped clear and reload (9.6s)
  ✓  23 [mobile] › tests/ion-tests.browser.spec.ts:87:7 › equation: original science, wrong proposal, undo, scoped clear and reload (9.4s)
  ✓  24 [mobile] › tests/ion-tests.browser.spec.ts:87:7 › compound: original science, wrong proposal, undo, scoped clear and reload (9.4s)
  ✓  25 [mobile] › tests/ion-tests.browser.spec.ts:143:5 › first ion control is usable on a short screen and long selected values stay readable at 320px (4.4s)
  ✓  26 [mobile] › tests/ion-tests.browser.spec.ts:159:5 › all 35 practice responses use real answers, coefficient construction and honest written review (14.1s)
  ✓  28 [mobile] › tests/ion-tests.browser.spec.ts:285:5 › reading both original hydroxide stages leaves the chemical proposal unchanged (4.6s)
  ✓  27 [mobile] › tests/ion-tests.browser.spec.ts:190:5 › two reserved ten-question forms and delayed five-question forms keep marking sealed and criteria explicit (17.5s)
  ✓  29 [mobile] › tests/ion-tests.browser.spec.ts:320:5 › a wrong equation shows actual zero and charge imbalance, then the smallest positive ratio (4.5s)
  ✓  30 [mobile] › tests/ion-tests.browser.spec.ts:344:5 › real 3D portions export current wrong reagents, preserve camera-independent work and retain fresh separation (7.5s)
  ✓  31 [mobile] › tests/ion-tests.browser.spec.ts:455:5 › unavailable WebGL retains readable portions and wrong scientific choices (5.1s)
  ✓  32 [mobile] › tests/ion-tests.browser.spec.ts:486:5 › wrong practice response offers its specific recovery and returns to the retained task (4.2s)

  32 passed (3.9m)
